{
    "assemble_pe: Should assemble PE reads without failures": {
        "content": [
            {
                "0": [
                    "late_1_1.fq_trinity.Trinity.fasta:md5,5d5deace08ba963bb58551031dd3d1c7"
                ],
                "trinity_fasta": [
                    "late_1_1.fq_trinity.Trinity.fasta:md5,5d5deace08ba963bb58551031dd3d1c7"
                ]
            }
        ],
        "meta": {
            "nf-test": "0.9.2",
            "nextflow": "25.04.6"
        },
        "timestamp": "2025-08-20T13:14:35.143192185"
    }
}