{
    "Should identif ORFs": {
        "content": [
            {
                "0": [
                    "latesingle_ORF.fasta:md5,4088d10ae89a693a2f5d05b51fb642f5"
                ],
                "fasta": [
                    "latesingle_ORF.fasta:md5,4088d10ae89a693a2f5d05b51fb642f5"
                ]
            }
        ],
        "meta": {
            "nf-test": "0.9.2",
            "nextflow": "25.04.6"
        },
        "timestamp": "2025-08-21T15:19:42.02271792"
    }
}